I'm sorry, but errors were detected in your script. Please correct the
errors listed below, and try again.


File "game/script.rpy", line 901: end of line expected.
    R "..." pause (1.0) show rosie stoned OS "Grody."
            ^

Ren'Py Version: Ren'Py 7.3.5.606
Fri Sep 25 17:44:30 2020
